Archive member included because of file (symbol)

C:/NXP/S32DS_ARM_v2018.R1/S32DS/arm_ewl2/lib/armv6-m\libc99.a(exit.o)
                              C:/NXP/S32DS_ARM_v2018.R1/S32DS/arm_ewl2/lib/armv6-m/__arm_start.o (exit)
C:/NXP/S32DS_ARM_v2018.R1/S32DS/arm_ewl2/lib/armv6-m\libc99.a(memcpy.o)
                              ./KEAZN64/sources/kbi.o (memcpy)
C:/NXP/S32DS_ARM_v2018.R1/S32DS/arm_ewl2/lib/armv6-m\libc99.a(memset.o)
                              C:/NXP/S32DS_ARM_v2018.R1/S32DS/arm_ewl2/lib/armv6-m/__arm_start.o (memset)
C:/NXP/S32DS_ARM_v2018.R1/S32DS/arm_ewl2/lib/armv6-m\libc99.a(strlen.o)
                              ./KEAZN64/sources/printf.o (strlen)
C:/NXP/S32DS_ARM_v2018.R1/S32DS/arm_ewl2/lib/armv6-m\libc99.a(__filll_mem.o)
                              C:/NXP/S32DS_ARM_v2018.R1/S32DS/arm_ewl2/lib/armv6-m\libc99.a(memset.o) (__fill_mem)
c:/nxp/s32ds_arm_v2018.r1/cross_tools/gcc-arm-none-eabi-4_9/bin/../lib/gcc/arm-none-eabi/4.9.3/armv6-m\libgcc.a(_udivsi3.o)
                              ./Project_Settings/Startup_Code/system_SKEAZN642.o (__aeabi_uidiv)
c:/nxp/s32ds_arm_v2018.r1/cross_tools/gcc-arm-none-eabi-4_9/bin/../lib/gcc/arm-none-eabi/4.9.3/armv6-m\libgcc.a(_divsi3.o)
                              ./KEAZN64/sources/printf.o (__aeabi_idiv)
c:/nxp/s32ds_arm_v2018.r1/cross_tools/gcc-arm-none-eabi-4_9/bin/../lib/gcc/arm-none-eabi/4.9.3/armv6-m\libgcc.a(_dvmd_tls.o)
                              c:/nxp/s32ds_arm_v2018.r1/cross_tools/gcc-arm-none-eabi-4_9/bin/../lib/gcc/arm-none-eabi/4.9.3/armv6-m\libgcc.a(_udivsi3.o) (__aeabi_idiv0)
c:/nxp/s32ds_arm_v2018.r1/cross_tools/gcc-arm-none-eabi-4_9/bin/../lib/gcc/arm-none-eabi/4.9.3/armv6-m\libgcc.a(_fixunsdfsi.o)
                              ./KEAZN64/LIN_Driver/bsp/UART/lin_isr.o (__aeabi_d2uiz)
c:/nxp/s32ds_arm_v2018.r1/cross_tools/gcc-arm-none-eabi-4_9/bin/../lib/gcc/arm-none-eabi/4.9.3/armv6-m\libgcc.a(adddf3.o)
                              ./KEAZN64/LIN_Driver/bsp/UART/lin_isr.o (__aeabi_dadd)
c:/nxp/s32ds_arm_v2018.r1/cross_tools/gcc-arm-none-eabi-4_9/bin/../lib/gcc/arm-none-eabi/4.9.3/armv6-m\libgcc.a(subdf3.o)
                              c:/nxp/s32ds_arm_v2018.r1/cross_tools/gcc-arm-none-eabi-4_9/bin/../lib/gcc/arm-none-eabi/4.9.3/armv6-m\libgcc.a(_fixunsdfsi.o) (__aeabi_dsub)
c:/nxp/s32ds_arm_v2018.r1/cross_tools/gcc-arm-none-eabi-4_9/bin/../lib/gcc/arm-none-eabi/4.9.3/armv6-m\libgcc.a(fixdfsi.o)
                              c:/nxp/s32ds_arm_v2018.r1/cross_tools/gcc-arm-none-eabi-4_9/bin/../lib/gcc/arm-none-eabi/4.9.3/armv6-m\libgcc.a(_fixunsdfsi.o) (__aeabi_d2iz)
c:/nxp/s32ds_arm_v2018.r1/cross_tools/gcc-arm-none-eabi-4_9/bin/../lib/gcc/arm-none-eabi/4.9.3/armv6-m\libgcc.a(floatunsidf.o)
                              ./KEAZN64/LIN_Driver/bsp/UART/lin_isr.o (__aeabi_ui2d)
c:/nxp/s32ds_arm_v2018.r1/cross_tools/gcc-arm-none-eabi-4_9/bin/../lib/gcc/arm-none-eabi/4.9.3/armv6-m\libgcc.a(_arm_cmpdf2.o)
                              c:/nxp/s32ds_arm_v2018.r1/cross_tools/gcc-arm-none-eabi-4_9/bin/../lib/gcc/arm-none-eabi/4.9.3/armv6-m\libgcc.a(_fixunsdfsi.o) (__aeabi_dcmpge)
c:/nxp/s32ds_arm_v2018.r1/cross_tools/gcc-arm-none-eabi-4_9/bin/../lib/gcc/arm-none-eabi/4.9.3/armv6-m\libgcc.a(_clzsi2.o)
                              c:/nxp/s32ds_arm_v2018.r1/cross_tools/gcc-arm-none-eabi-4_9/bin/../lib/gcc/arm-none-eabi/4.9.3/armv6-m\libgcc.a(adddf3.o) (__clzsi2)
c:/nxp/s32ds_arm_v2018.r1/cross_tools/gcc-arm-none-eabi-4_9/bin/../lib/gcc/arm-none-eabi/4.9.3/armv6-m\libgcc.a(eqdf2.o)
                              c:/nxp/s32ds_arm_v2018.r1/cross_tools/gcc-arm-none-eabi-4_9/bin/../lib/gcc/arm-none-eabi/4.9.3/armv6-m\libgcc.a(_arm_cmpdf2.o) (__eqdf2)
c:/nxp/s32ds_arm_v2018.r1/cross_tools/gcc-arm-none-eabi-4_9/bin/../lib/gcc/arm-none-eabi/4.9.3/armv6-m\libgcc.a(gedf2.o)
                              c:/nxp/s32ds_arm_v2018.r1/cross_tools/gcc-arm-none-eabi-4_9/bin/../lib/gcc/arm-none-eabi/4.9.3/armv6-m\libgcc.a(_arm_cmpdf2.o) (__gedf2)
c:/nxp/s32ds_arm_v2018.r1/cross_tools/gcc-arm-none-eabi-4_9/bin/../lib/gcc/arm-none-eabi/4.9.3/armv6-m\libgcc.a(ledf2.o)
                              c:/nxp/s32ds_arm_v2018.r1/cross_tools/gcc-arm-none-eabi-4_9/bin/../lib/gcc/arm-none-eabi/4.9.3/armv6-m\libgcc.a(_arm_cmpdf2.o) (__ledf2)
C:/NXP/S32DS_ARM_v2018.R1/S32DS/arm_ewl2/lib/armv6-m\librt.a(gcc_ctor_dtor.o)
                              C:/NXP/S32DS_ARM_v2018.R1/S32DS/arm_ewl2/lib/armv6-m/__arm_start.o (__init_cpp)
C:/NXP/S32DS_ARM_v2018.R1/S32DS/arm_ewl2/lib/armv6-m\librt.a(__arm_eabi_init.o)
                              C:/NXP/S32DS_ARM_v2018.R1/S32DS/arm_ewl2/lib/armv6-m\libc99.a(exit.o) (__destroy_global_chain)
C:/NXP/S32DS_ARM_v2018.R1/S32DS/arm_ewl2/lib/armv6-m\librt.a(ROMCopy.o)
                              C:/NXP/S32DS_ARM_v2018.R1/S32DS/arm_ewl2/lib/armv6-m/__arm_start.o (__copy_rom_sections_to_ram)

Allocating common symbols
Common symbol       size              file

sc                  0x4               ./KEAZN64/sources/kbi.o
[...]
Memory Configuration

Name             Origin             Length             Attributes
FLASH_1          0x00000000         0x00000400         xr
FLASH_CONFIG     0x00000400         0x00000010         xr
FLASH_2          0x00000410         0x0000fbf0         xr
SRAM             0x1ffffc00         0x00001000         rw
*default*        0x00000000         0xffffffff

Linker script and memory map

LOAD C:/NXP/S32DS_ARM_v2018.R1/S32DS/arm_ewl2/lib/armv6-m/__arm_start.o
LOAD ./src/main.o
LOAD ./Project_Settings/Startup_Code/system_SKEAZN642.o
LOAD ./Project_Settings/Startup_Code/startup_SKEAZN642.o
LOAD ./KEAZN64/sources/wdog.o
LOAD ./KEAZN64/sources/uart.o
LOAD ./KEAZN64/sources/spi.o
LOAD ./KEAZN64/sources/rtc.o
LOAD ./KEAZN64/sources/pwt.o
LOAD ./KEAZN64/sources/printf.o
LOAD ./KEAZN64/sources/pmc.o
LOAD ./KEAZN64/sources/pit.o
LOAD ./KEAZN64/sources/nvic.o
LOAD ./KEAZN64/sources/kbi.o
LOAD ./KEAZN64/sources/ics.o
LOAD ./KEAZN64/sources/i2c.o
LOAD ./KEAZN64/sources/ftm.o
LOAD ./KEAZN64/sources/flash.o
LOAD ./KEAZN64/sources/crc.o
LOAD ./KEAZN64/sources/adc.o
LOAD ./KEAZN64/sources/acmp.o
LOAD ./KEAZN64/lin_cfg/lin_cfg.o
LOAD ./KEAZN64/LIN_Driver/transport/lin_lin21tl_api.o
LOAD ./KEAZN64/LIN_Driver/transport/lin_j2602tl_api.o
LOAD ./KEAZN64/LIN_Driver/transport/lin_commontl_proto.o
LOAD ./KEAZN64/LIN_Driver/transport/lin_commontl_api.o
LOAD ./KEAZN64/LIN_Driver/lowlevel/lin.o
LOAD ./KEAZN64/LIN_Driver/diagnostic/lin_diagnostic_service.o
LOAD ./KEAZN64/LIN_Driver/coreapi/lin_lin21_proto.o
LOAD ./KEAZN64/LIN_Driver/coreapi/lin_lin21_api.o
LOAD ./KEAZN64/LIN_Driver/coreapi/lin_j2602_proto.o
LOAD ./KEAZN64/LIN_Driver/coreapi/lin_j2602_api.o
LOAD ./KEAZN64/LIN_Driver/coreapi/lin_common_proto.o
LOAD ./KEAZN64/LIN_Driver/coreapi/lin_common_api.o
LOAD ./KEAZN64/LIN_Driver/bsp/UART/lin_lld_uart.o
LOAD ./KEAZN64/LIN_Driver/bsp/UART/lin_lld_timesrv.o
LOAD ./KEAZN64/LIN_Driver/bsp/UART/lin_isr.o
START GROUP
LOAD C:/NXP/S32DS_ARM_v2018.R1/S32DS/arm_ewl2/lib/armv6-m\libc99.a
LOAD C:/NXP/S32DS_ARM_v2018.R1/S32DS/arm_ewl2/lib/armv6-m\libm.a
LOAD c:/nxp/s32ds_arm_v2018.r1/cross_tools/gcc-arm-none-eabi-4_9/bin/../lib/gcc/arm-none-eabi/4.9.3/armv6-m\libgcc.a
LOAD C:/NXP/S32DS_ARM_v2018.R1/S32DS/arm_ewl2/lib/armv6-m\librt.a
LOAD C:/NXP/S32DS_ARM_v2018.R1/S32DS/arm_ewl2/lib/armv6-m\libnoio.a
END GROUP
LOAD C:/NXP/S32DS_ARM_v2018.R1/S32DS/arm_ewl2/lib/armv6-m/__arm_end.o
                0x20000c00                _estack = 0x20000c00
                0x20000c00                __SP_INIT = _estack
                0x00000500                HEAP_SIZE = DEFINED (__heap_size__)?__heap_size__:0x500
                0x00000400                STACK_SIZE = DEFINED (__stack_size__)?__stack_size__:0x400

.interrupts     0x00000000       0xc0
                0x00000000                __VECTOR_TABLE = .
                0x00000000                . = ALIGN (0x4)
 *(.isr_vector)
 .isr_vector    0x00000000       0xc0 ./Project_Settings/Startup_Code/startup_SKEAZN642.o
                0x00000000                __isr_vector
                0x000000c0                . = ALIGN (0x4)

.flash_config   0x00000400       0x10
                0x00000400                . = ALIGN (0x4)
 *(.FlashConfig)
 .FlashConfig   0x00000400       0x10 ./Project_Settings/Startup_Code/startup_SKEAZN642.o
                0x00000410                . = ALIGN (0x4)

.text           0x00000410     0x43e4
                0x00000410                . = ALIGN (0x4)
 *(.text)
 .text          0x00000410       0x44 ./Project_Settings/Startup_Code/startup_SKEAZN642.o
                0x00000410                Reset_Handler
                0x0000044c                Reserved16_IRQHandler
                0x0000044c                HardFault_Handler
                0x0000044c                SysTick_Handler
                0x0000044c                PendSV_Handler
                0x0000044c                NMI_Handler
                0x0000044c                Reserved19_IRQHandler
                0x0000044c                Reserved42_IRQHandler
                0x0000044c                DefaultISR
                0x0000044c                Reserved25_IRQHandler
                0x0000044c                IRQ_IRQHandler
                0x0000044c                Reserved18_IRQHandler
                0x0000044c                Reserved20_IRQHandler
                0x0000044c                Reserved17_IRQHandler
                0x0000044c                Reserved47_IRQHandler
                0x0000044c                WDOG_EWM_IRQHandler
                0x0000044c                SVC_Handler
                0x0000044c                ICS_IRQHandler
                0x0000044c                FTMRH_IRQHandler
                0x0000044c                Reserved46_IRQHandler
                0x0000044c                Reserved45_IRQHandler
                0x0000044c                LVD_LVW_IRQHandler
 .text          0x00000454      0x120 c:/nxp/s32ds_arm_v2018.r1/cross_tools/gcc-arm-none-eabi-4_9/bin/../lib/gcc/arm-none-eabi/4.9.3/armv6-m\libgcc.a(_udivsi3.o)
                0x00000454                __aeabi_uidiv
                0x00000454                __udivsi3
                0x00000560                __aeabi_uidivmod
 .text          0x00000574        0x4 c:/nxp/s32ds_arm_v2018.r1/cross_tools/gcc-arm-none-eabi-4_9/bin/../lib/gcc/arm-none-eabi/4.9.3/armv6-m\libgcc.a(_dvmd_tls.o)
                0x00000574                __aeabi_idiv0
                0x00000574                __aeabi_ldiv0
 .text          0x00000578       0x3c c:/nxp/s32ds_arm_v2018.r1/cross_tools/gcc-arm-none-eabi-4_9/bin/../lib/gcc/arm-none-eabi/4.9.3/armv6-m\libgcc.a(_fixunsdfsi.o)
                0x00000578                __aeabi_d2uiz
                0x00000578                __fixunsdfsi
 .text          0x000005b4      0x650 c:/nxp/s32ds_arm_v2018.r1/cross_tools/gcc-arm-none-eabi-4_9/bin/../lib/gcc/arm-none-eabi/4.9.3/armv6-m\libgcc.a(adddf3.o)
                0x000005b4                __aeabi_dadd
 .text          0x00000c04      0x6f4 c:/nxp/s32ds_arm_v2018.r1/cross_tools/gcc-arm-none-eabi-4_9/bin/../lib/gcc/arm-none-eabi/4.9.3/armv6-m\libgcc.a(subdf3.o)
                0x00000c04                __aeabi_dsub
 .text          0x000012f8       0x6c c:/nxp/s32ds_arm_v2018.r1/cross_tools/gcc-arm-none-eabi-4_9/bin/../lib/gcc/arm-none-eabi/4.9.3/armv6-m\libgcc.a(fixdfsi.o)
                0x000012f8                __aeabi_d2iz
 .text          0x00001364       0x64 c:/nxp/s32ds_arm_v2018.r1/cross_tools/gcc-arm-none-eabi-4_9/bin/../lib/gcc/arm-none-eabi/4.9.3/armv6-m\libgcc.a(floatunsidf.o)
                0x00001364                __aeabi_ui2d
 .text          0x000013c8       0x7c c:/nxp/s32ds_arm_v2018.r1/cross_tools/gcc-arm-none-eabi-4_9/bin/../lib/gcc/arm-none-eabi/4.9.3/armv6-m\libgcc.a(_arm_cmpdf2.o)
                0x000013c8                __aeabi_cdrcmple
                0x000013d8                __aeabi_cdcmple
                0x000013d8                __aeabi_cdcmpeq
                0x000013e8                __aeabi_dcmpeq
                0x000013f4                __aeabi_dcmplt
                0x00001408                __aeabi_dcmple
                0x0000141c                __aeabi_dcmpgt
                0x00001430                __aeabi_dcmpge
 .text          0x00001444       0x3c c:/nxp/s32ds_arm_v2018.r1/cross_tools/gcc-arm-none-eabi-4_9/bin/../lib/gcc/arm-none-eabi/4.9.3/armv6-m\libgcc.a(_clzsi2.o)
                0x00001444                __clzsi2
 .text          0x00001480       0x88 c:/nxp/s32ds_arm_v2018.r1/cross_tools/gcc-arm-none-eabi-4_9/bin/../lib/gcc/arm-none-eabi/4.9.3/armv6-m\libgcc.a(eqdf2.o)
                0x00001480                __nedf2
                0x00001480                __eqdf2
 .text          0x00001508       0xe0 c:/nxp/s32ds_arm_v2018.r1/cross_tools/gcc-arm-none-eabi-4_9/bin/../lib/gcc/arm-none-eabi/4.9.3/armv6-m\libgcc.a(gedf2.o)
                0x00001508                __gedf2
                0x00001508                __gtdf2
 .text          0x000015e8       0xcc c:/nxp/s32ds_arm_v2018.r1/cross_tools/gcc-arm-none-eabi-4_9/bin/../lib/gcc/arm-none-eabi/4.9.3/armv6-m\libgcc.a(ledf2.o)
                0x000015e8                __ledf2
                0x000015e8                __ltdf2
 *(.text*)
 .text.__thumb_startup
                0x000016b4       0x3c C:/NXP/S32DS_ARM_v2018.R1/S32DS/arm_ewl2/lib/armv6-m/__arm_start.o
                0x000016b4                __thumb_startup
 .text.Clk_Init
                0x000016f0       0x54 ./src/main.o
                0x000016f0                Clk_Init
 .text.GPIO_Init
                0x00001744       0x34 ./src/main.o
                0x00001744                GPIO_Init
 .text.lin_application_timer_FTM0
                0x00001778       0x7c ./src/main.o
                0x00001778                lin_application_timer_FTM0
 .text.FTM0_IRQHandler
                0x000017f4       0x6c ./src/main.o
                0x000017f4                FTM0_IRQHandler
 .text.main     0x00001860       0x78 ./src/main.o
                0x00001860                main
 .text.SystemInit
                0x000018d8       0x24 ./Project_Settings/Startup_Code/system_SKEAZN642.o
                0x000018d8                SystemInit
 .text.UART_SetCallback
                0x000018fc       0x44 ./KEAZN64/sources/uart.o
                0x000018fc                UART_SetCallback
 .text.UART0_IRQHandler
                0x00001940       0x14 ./KEAZN64/sources/uart.o
                0x00001940                UART0_IRQHandler
 .text.UART1_IRQHandler
                0x00001954       0x14 ./KEAZN64/sources/uart.o
                0x00001954                UART1_IRQHandler
 .text.UART2_IRQHandler
                0x00001968       0x14 ./KEAZN64/sources/uart.o
                0x00001968                UART2_IRQHandler
 .text.SPI0_IRQHandler
                0x0000197c       0x1c ./KEAZN64/sources/spi.o
                0x0000197c                SPI0_IRQHandler
 .text.SPI1_IRQHandler
                0x00001998       0x1c ./KEAZN64/sources/spi.o
                0x00001998                SPI1_IRQHandler
 .text.RTC_ClrFlags
                0x000019b4       0x18 ./KEAZN64/sources/rtc.o
 .text.RTC_IRQHandler
                0x000019cc       0x20 ./KEAZN64/sources/rtc.o
                0x000019cc                RTC_IRQHandler
 .text.PIT_ChannelClrFlags
                0x000019ec       0x40 ./KEAZN64/sources/pit.o
 .text.PIT_CH0_IRQHandler
                0x00001a2c       0x20 ./KEAZN64/sources/pit.o
                0x00001a2c                PIT_CH0_IRQHandler
 .text.PIT_CH1_IRQHandler
                0x00001a4c       0x20 ./KEAZN64/sources/pit.o
                0x00001a4c                PIT_CH1_IRQHandler
 .text.KBI0_IRQHandler
                0x00001a6c       0x38 ./KEAZN64/sources/kbi.o
                0x00001a6c                KBI0_IRQHandler
 .text.KBI1_IRQHandler
                0x00001aa4       0x38 ./KEAZN64/sources/kbi.o
                0x00001aa4                KBI1_IRQHandler
 .text.I2C0_IRQHandler
                0x00001adc       0x1c ./KEAZN64/sources/i2c.o
                0x00001adc                I2C0_IRQHandler
 .text.FTM_SetCallback
                0x00001af8       0x2c ./KEAZN64/sources/ftm.o
                0x00001af8                FTM_SetCallback
 .text.FTM1_IRQHandler
                0x00001b24       0x1c ./KEAZN64/sources/ftm.o
                0x00001b24                FTM1_IRQHandler
 .text.FTM2_IRQHandler
                0x00001b40       0x1c ./KEAZN64/sources/ftm.o
                0x00001b40                FTM2_IRQHandler
 .text.ADC0_IRQHandler
                0x00001b5c       0x1c ./KEAZN64/sources/adc.o
                0x00001b5c                ADC0_IRQHandler
 .text.ACMP0_IRQHandler
                0x00001b78       0x1c ./KEAZN64/sources/acmp.o
                0x00001b78                ACMP0_IRQHandler
 .text.ACMP1_IRQHandler
                0x00001b94       0x1c ./KEAZN64/sources/acmp.o
                0x00001b94                ACMP1_IRQHandler
 .text.ld_read_by_id_callout
                0x00001bb0       0x20 ./KEAZN64/lin_cfg/lin_cfg.o
                0x00001bb0                ld_read_by_id_callout
 .text.lin_tl_make_mreq_pdu
                0x00001bd0       0x78 ./KEAZN64/LIN_Driver/transport/lin_commontl_proto.o
                0x00001bd0                lin_tl_make_mreq_pdu
 .text.lin_tl_make_slaveres_pdu
                0x00001c48      0x1f8 ./KEAZN64/LIN_Driver/transport/lin_commontl_proto.o
                0x00001c48                lin_tl_make_slaveres_pdu
 .text.lin_tl_get_pdu
                0x00001e40       0x74 ./KEAZN64/LIN_Driver/transport/lin_commontl_proto.o
                0x00001e40                lin_tl_get_pdu
 .text.lin_tl_handler
                0x00001eb4       0xe8 ./KEAZN64/LIN_Driver/transport/lin_commontl_proto.o
                0x00001eb4                lin_tl_handler
 .text.lin_tl_attach_service
                0x00001f9c       0xc8 ./KEAZN64/LIN_Driver/transport/lin_commontl_proto.o
                0x00001f9c                lin_tl_attach_service
 .text.lin_tl_get_response
                0x00002064       0xfc ./KEAZN64/LIN_Driver/transport/lin_commontl_proto.o
                0x00002064                lin_tl_get_response
 .text.lin_tl_update_tx_flag
                0x00002160       0x50 ./KEAZN64/LIN_Driver/transport/lin_commontl_proto.o
                0x00002160                lin_tl_update_tx_flag
 .text.lin_tl_put_pdu
                0x000021b0       0x74 ./KEAZN64/LIN_Driver/transport/lin_commontl_proto.o
                0x000021b0                lin_tl_put_pdu
 .text.lin_tl_no_response
                0x00002224       0x3c ./KEAZN64/LIN_Driver/transport/lin_commontl_proto.o
                0x00002224                lin_tl_no_response
 .text.lin_lld_init
                0x00002260       0x60 ./KEAZN64/LIN_Driver/lowlevel/lin.o
                0x00002260                lin_lld_init
 .text.lin_lld_tx_header
                0x000022c0       0x48 ./KEAZN64/LIN_Driver/lowlevel/lin.o
                0x000022c0                lin_lld_tx_header
 .text.lin_lld_ignore_response
                0x00002308       0x3c ./KEAZN64/LIN_Driver/lowlevel/lin.o
                0x00002308                lin_lld_ignore_response
 .text.lin_lld_set_low_power_mode
                0x00002344       0x3c ./KEAZN64/LIN_Driver/lowlevel/lin.o
                0x00002344                lin_lld_set_low_power_mode
 .text.lin_lld_set_response
                0x00002380       0x8c ./KEAZN64/LIN_Driver/lowlevel/lin.o
                0x00002380                lin_lld_set_response
 .text.lin_lld_rx_response
                0x0000240c       0x68 ./KEAZN64/LIN_Driver/lowlevel/lin.o
                0x0000240c                lin_lld_rx_response
 .text.lin_process_parity
                0x00002474       0xf4 ./KEAZN64/LIN_Driver/lowlevel/lin.o
                0x00002474                lin_process_parity
 .text.lin_checksum
                0x00002568       0x7c ./KEAZN64/LIN_Driver/lowlevel/lin.o
                0x00002568                lin_checksum
 .text.lin_lld_timer_init
                0x000025e4        0xc ./KEAZN64/LIN_Driver/lowlevel/lin.o
                0x000025e4                lin_lld_timer_init
 .text.lin_diagservice_assign_frame_id_range
                0x000025f0      0x1c8 ./KEAZN64/LIN_Driver/diagnostic/lin_diagnostic_service.o
                0x000025f0                lin_diagservice_assign_frame_id_range
 .text.lin_diagservice_read_by_identifier
                0x000027b8      0x108 ./KEAZN64/LIN_Driver/diagnostic/lin_diagnostic_service.o
                0x000027b8                lin_diagservice_read_by_identifier
 .text.lin_collision_resolve
                0x000028c0       0x88 ./KEAZN64/LIN_Driver/coreapi/lin_lin21_proto.o
                0x000028c0                lin_collision_resolve
 .text.lin_update_word_status_lin21
                0x00002948      0x208 ./KEAZN64/LIN_Driver/coreapi/lin_lin21_proto.o
                0x00002948                lin_update_word_status_lin21
 .text.lin_update_err_signal
                0x00002b50       0x94 ./KEAZN64/LIN_Driver/coreapi/lin_lin21_proto.o
                0x00002b50                lin_update_err_signal
 .text.lin_update_rx_evnt_frame
                0x00002be4       0xf0 ./KEAZN64/LIN_Driver/coreapi/lin_lin21_proto.o
                0x00002be4                lin_update_rx_evnt_frame
 .text.lin_make_res_evnt_frame
                0x00002cd4       0x50 ./KEAZN64/LIN_Driver/coreapi/lin_lin21_proto.o
                0x00002cd4                lin_make_res_evnt_frame
 .text.lin_pid_response_callback_handler
                0x00002d24       0xa4 ./KEAZN64/LIN_Driver/coreapi/lin_common_proto.o
                0x00002d24                lin_pid_response_callback_handler
 .text.lin_tick_callback_handler
                0x00002dc8      0x214 ./KEAZN64/LIN_Driver/coreapi/lin_common_proto.o
                0x00002dc8                lin_tick_callback_handler
 .text.lin_process_pid
                0x00002fdc      0x1cc ./KEAZN64/LIN_Driver/coreapi/lin_common_proto.o
                0x00002fdc                lin_process_pid
 .text.lin_update_rx
                0x000031a8      0x150 ./KEAZN64/LIN_Driver/coreapi/lin_common_proto.o
                0x000031a8                lin_update_rx
 .text.lin_update_tx
                0x000032f8      0x148 ./KEAZN64/LIN_Driver/coreapi/lin_common_proto.o
                0x000032f8                lin_update_tx
 .text.lin_handle_error
                0x00003440      0x120 ./KEAZN64/LIN_Driver/coreapi/lin_common_proto.o
                0x00003440                lin_handle_error
 .text.lin_bus_activity_timeout
                0x00003560       0x58 ./KEAZN64/LIN_Driver/coreapi/lin_common_proto.o
                0x00003560                lin_bus_activity_timeout
 .text.lin_switch_sch_table
                0x000035b8       0xe8 ./KEAZN64/LIN_Driver/coreapi/lin_common_proto.o
                0x000035b8                lin_switch_sch_table
 .text.lin_check_sporadic_update
                0x000036a0       0xa8 ./KEAZN64/LIN_Driver/coreapi/lin_common_proto.o
                0x000036a0                lin_check_sporadic_update
 .text.lin_update_tx_flags
                0x00003748       0xbc ./KEAZN64/LIN_Driver/coreapi/lin_common_proto.o
                0x00003748                lin_update_tx_flags
 .text.lin_update_rx_diag_frame
                0x00003804       0xbc ./KEAZN64/LIN_Driver/coreapi/lin_common_proto.o
                0x00003804                lin_update_rx_diag_frame
 .text.lin_make_res_diag_frame
                0x000038c0       0x24 ./KEAZN64/LIN_Driver/coreapi/lin_common_proto.o
                0x000038c0                lin_make_res_diag_frame
 .text.lin_get_frame_index
                0x000038e4       0x80 ./KEAZN64/LIN_Driver/coreapi/lin_common_proto.o
                0x000038e4                lin_get_frame_index
 .text.lin_process_uncd_frame
                0x00003964      0x174 ./KEAZN64/LIN_Driver/coreapi/lin_common_proto.o
                0x00003964                lin_process_uncd_frame
 .text.l_sys_init
                0x00003ad8       0x10 ./KEAZN64/LIN_Driver/coreapi/lin_common_api.o
                0x00003ad8                l_sys_init
 .text.l_sch_set
                0x00003ae8       0x5c ./KEAZN64/LIN_Driver/coreapi/lin_common_api.o
                0x00003ae8                l_sch_set
 .text.l_sch_tick
                0x00003b44       0x20 ./KEAZN64/LIN_Driver/coreapi/lin_common_api.o
                0x00003b44                l_sch_tick
 .text.l_ifc_init
                0x00003b64       0x20 ./KEAZN64/LIN_Driver/coreapi/lin_common_api.o
                0x00003b64                l_ifc_init
 .text.lin_lld_uart_init
                0x00003b84      0x150 ./KEAZN64/LIN_Driver/bsp/UART/lin_lld_uart.o
                0x00003b84                lin_lld_uart_init
 .text.lin_lld_uart_tx_header
                0x00003cd4       0x78 ./KEAZN64/LIN_Driver/bsp/UART/lin_lld_uart.o
                0x00003cd4                lin_lld_uart_tx_header
 .text.lin_lld_uart_ignore_response
                0x00003d4c       0x18 ./KEAZN64/LIN_Driver/bsp/UART/lin_lld_uart.o
                0x00003d4c                lin_lld_uart_ignore_response
 .text.lin_lld_uart_set_low_power_mode
                0x00003d64       0x24 ./KEAZN64/LIN_Driver/bsp/UART/lin_lld_uart.o
                0x00003d64                lin_lld_uart_set_low_power_mode
 .text.lin_lld_uart_rx_response
                0x00003d88       0x44 ./KEAZN64/LIN_Driver/bsp/UART/lin_lld_uart.o
                0x00003d88                lin_lld_uart_rx_response
 .text.lin_lld_uart_tx_response
                0x00003dcc       0x58 ./KEAZN64/LIN_Driver/bsp/UART/lin_lld_uart.o
                0x00003dcc                lin_lld_uart_tx_response
 .text.lin_lld_uart_timeout
                0x00003e24       0xb0 ./KEAZN64/LIN_Driver/bsp/UART/lin_lld_uart.o
                0x00003e24                lin_lld_uart_timeout
 .text.lin_goto_idle_state
                0x00003ed4       0x48 ./KEAZN64/LIN_Driver/bsp/UART/lin_lld_uart.o
                0x00003ed4                lin_goto_idle_state
 .text.lin_lld_uart_rx_isr
                0x00003f1c      0x3a4 ./KEAZN64/LIN_Driver/bsp/UART/lin_lld_uart.o
                0x00003f1c                lin_lld_uart_rx_isr
 .text.NVIC_EnableIRQ
                0x000042c0       0x2c ./KEAZN64/LIN_Driver/bsp/UART/lin_lld_timesrv.o
 .text.NVIC_ClearPendingIRQ
                0x000042ec       0x30 ./KEAZN64/LIN_Driver/bsp/UART/lin_lld_timesrv.o
 .text.lin_lld_timer_K_init
                0x0000431c       0x70 ./KEAZN64/LIN_Driver/bsp/UART/lin_lld_timesrv.o
                0x0000431c                lin_lld_timer_K_init
 .text.lin_lld_timer_isr
                0x0000438c       0x38 ./KEAZN64/LIN_Driver/bsp/UART/lin_lld_timesrv.o
                0x0000438c                lin_lld_timer_isr
 .text.UART0_IRQHandler_LIN
                0x000043c4       0x10 ./KEAZN64/LIN_Driver/bsp/UART/lin_isr.o
                0x000043c4                UART0_IRQHandler_LIN
 .text.FTM2_IRQHandler_LIN
                0x000043d4       0x60 ./KEAZN64/LIN_Driver/bsp/UART/lin_isr.o
                0x000043d4                FTM2_IRQHandler_LIN
 .text.exit     0x00004434       0x38 C:/NXP/S32DS_ARM_v2018.R1/S32DS/arm_ewl2/lib/armv6-m\libc99.a(exit.o)
                0x00004434                exit
 .text.memset   0x0000446c        0xc C:/NXP/S32DS_ARM_v2018.R1/S32DS/arm_ewl2/lib/armv6-m\libc99.a(memset.o)
                0x0000446c                memset
 .text.__fill_mem
                0x00004478       0x82 C:/NXP/S32DS_ARM_v2018.R1/S32DS/arm_ewl2/lib/armv6-m\libc99.a(__filll_mem.o)
                0x00004478                __fill_mem
 *fill*         0x000044fa        0x2 
 .text.__init_cpp
                0x000044fc       0x48 C:/NXP/S32DS_ARM_v2018.R1/S32DS/arm_ewl2/lib/armv6-m\librt.a(gcc_ctor_dtor.o)
                0x000044fc                __init_cpp
 .text.__fini_cpp
                0x00004544       0x34 C:/NXP/S32DS_ARM_v2018.R1/S32DS/arm_ewl2/lib/armv6-m\librt.a(gcc_ctor_dtor.o)
                0x00004544                __fini_cpp
 .text._ExitProcess
                0x00004578        0x2 C:/NXP/S32DS_ARM_v2018.R1/S32DS/arm_ewl2/lib/armv6-m\librt.a(gcc_ctor_dtor.o)
                0x00004578                _ExitProcess
 *fill*         0x0000457a        0x2 
 .text.__destroy_global_chain
                0x0000457c       0x1c C:/NXP/S32DS_ARM_v2018.R1/S32DS/arm_ewl2/lib/armv6-m\librt.a(__arm_eabi_init.o)
                0x0000457c                __destroy_global_chain
 .text.__init_registers
                0x00004598       0x1c C:/NXP/S32DS_ARM_v2018.R1/S32DS/arm_ewl2/lib/armv6-m\librt.a(__arm_eabi_init.o)
                0x00004598                __init_registers
 .text.__init_hardware
                0x000045b4        0x4 C:/NXP/S32DS_ARM_v2018.R1/S32DS/arm_ewl2/lib/armv6-m\librt.a(__arm_eabi_init.o)
                0x000045b4                __init_hardware
 .text.__init_user
                0x000045b8        0x4 C:/NXP/S32DS_ARM_v2018.R1/S32DS/arm_ewl2/lib/armv6-m\librt.a(__arm_eabi_init.o)
                0x000045b8                __init_user
 .text.__copy_rom_section
                0x000045bc       0x40 C:/NXP/S32DS_ARM_v2018.R1/S32DS/arm_ewl2/lib/armv6-m\librt.a(ROMCopy.o)
                0x000045bc                __copy_rom_section
 .text.__copy_rom_sections_to_ram
                0x000045fc       0x34 C:/NXP/S32DS_ARM_v2018.R1/S32DS/arm_ewl2/lib/armv6-m\librt.a(ROMCopy.o)
                0x000045fc                __copy_rom_sections_to_ram
 *(.rodata)
 *(.rodata*)
 .rodata.lin_virtual_ifc
                0x00004630        0x1 ./KEAZN64/lin_cfg/lin_cfg.o
                0x00004630                lin_virtual_ifc
 *fill*         0x00004631        0x3 
 .rodata.lin_frame_tbl
                0x00004634       0x3c ./KEAZN64/lin_cfg/lin_cfg.o
                0x00004634                lin_frame_tbl
 .rodata.lin_max_frame_res_timeout_val
                0x00004670       0x20 ./KEAZN64/lin_cfg/lin_cfg.o
                0x00004670                lin_max_frame_res_timeout_val
 .rodata.LI0_lin_configuration_ROM
                0x00004690       0x1c ./KEAZN64/lin_cfg/lin_cfg.o
                0x00004690                LI0_lin_configuration_ROM
 .rodata.LI0_lin_gotosleep_data
                0x000046ac        0xa ./KEAZN64/lin_cfg/lin_cfg.o
                0x000046ac                LI0_lin_gotosleep_data
 *fill*         0x000046b6        0x2 
 .rodata.LI0_NormalTable_data
                0x000046b8       0x1e ./KEAZN64/lin_cfg/lin_cfg.o
                0x000046b8                LI0_NormalTable_data
 *fill*         0x000046d6        0x2 
 .rodata.LI0_MasterReqTable_data
                0x000046d8        0xa ./KEAZN64/lin_cfg/lin_cfg.o
                0x000046d8                LI0_MasterReqTable_data
 *fill*         0x000046e2        0x2 
 .rodata.LI0_SlaveRespTable_data
                0x000046e4        0xa ./KEAZN64/lin_cfg/lin_cfg.o
                0x000046e4                LI0_SlaveRespTable_data
 *fill*         0x000046ee        0x2 
 .rodata.lin_schedule_tbl
                0x000046f0       0x28 ./KEAZN64/lin_cfg/lin_cfg.o
                0x000046f0                lin_schedule_tbl
 .rodata.lin_ifc_configuration
                0x00004718       0x68 ./KEAZN64/lin_cfg/lin_cfg.o
                0x00004718                lin_ifc_configuration
 .rodata.lin_tl_get_response
                0x00004780       0x20 ./KEAZN64/LIN_Driver/transport/lin_commontl_proto.o
 .rodata.lin_lld_uart_timeout
                0x000047a0       0x28 ./KEAZN64/LIN_Driver/bsp/UART/lin_lld_uart.o
 .rodata.lin_lld_uart_rx_isr
                0x000047c8       0x2c ./KEAZN64/LIN_Driver/bsp/UART/lin_lld_uart.o
 *(.glue_7)
 .glue_7        0x00000000        0x0 linker stubs
 *(.glue_7t)
 .glue_7t       0x00000000        0x0 linker stubs
 *(.eh_frame)
 *(.init)
 *(.fini)
                0x000047f4                . = ALIGN (0x4)

.vfp11_veneer   0x000047f4        0x0
 .vfp11_veneer  0x00000000        0x0 linker stubs

.v4_bx          0x000047f4        0x0
 .v4_bx         0x00000000        0x0 linker stubs

.iplt           0x000047f4        0x0
 .iplt          0x00000000        0x0 C:/NXP/S32DS_ARM_v2018.R1/S32DS/arm_ewl2/lib/armv6-m/__arm_start.o

.rel.dyn        0x000047f4        0x0
 .rel.iplt      0x00000000        0x0 C:/NXP/S32DS_ARM_v2018.R1/S32DS/arm_ewl2/lib/armv6-m/__arm_start.o

.ARM.extab
 *(.ARM.extab* .gnu.linkonce.armextab.*)

.ARM            0x000047f4        0x0
                0x000047f4                __exidx_start = .
 *(.ARM.exidx*)
                0x000047f4                __exidx_end = .

.ctors          0x000047f4        0x0
                0x000047f4                __CTOR_LIST__ = .
 *crtbegin.o(.ctors)
 *crtbegin?.o(.ctors)
 *(EXCLUDE_FILE(*crtend.o *crtend?.o) .ctors)
 *(SORT(.ctors.*))
 *(.ctors)
                0x000047f4                __CTOR_END__ = .

.dtors          0x000047f4        0x0
                0x000047f4                __DTOR_LIST__ = .
 *crtbegin.o(.dtors)
 *crtbegin?.o(.dtors)
 *(EXCLUDE_FILE(*crtend.o *crtend?.o) .dtors)
 *(SORT(.dtors.*))
 *(.dtors)
                0x000047f4                __DTOR_END__ = .

.preinit_array  0x000047f4        0x0
                0x000047f4                PROVIDE (__preinit_array_start, .)
 *(.preinit_array*)
                0x000047f4                PROVIDE (__preinit_array_end, .)

.init_array     0x000047f4        0x0
                0x000047f4                PROVIDE (__init_array_start, .)
 *(SORT(.init_array.*))
 *(.init_array*)
                0x000047f4                PROVIDE (__init_array_end, .)

.fini_array     0x000047f4        0x0
                0x000047f4                PROVIDE (__fini_array_start, .)
 *(SORT(.fini_array.*))
 *(.fini_array*)
                0x000047f4                PROVIDE (__fini_array_end, .)
                0x000047f4                __etext = .
                0x000047f4                __DATA_ROM = .

.mtb            0x1ffffc00        0x0
                0x1ffffc00                . = ALIGN (0x8)
                0x1ffffc00                _mtb_start = .
 *(.mtb_buf)
                0x1ffffc00                . = ALIGN (0x8)
                0x1ffffc00                _mtb_end = .

.data           0x1ffffc00       0xb0 load address 0x000047f4
                0x1ffffc00                . = ALIGN (0x4)
                0x1ffffc00                __DATA_RAM = .
                0x1ffffc00                __data_start__ = .
                0x1ffffc00                _sdata = .
 *(.data)
 *(.data*)
 .data.lin_pFrameBuf
                0x1ffffc00        0x4 ./KEAZN64/lin_cfg/lin_cfg.o
                0x1ffffc00                lin_pFrameBuf
 .data.LI0_lin_configuration_RAM
                0x1ffffc04        0x7 ./KEAZN64/lin_cfg/lin_cfg.o
                0x1ffffc04                LI0_lin_configuration_RAM
 *fill*         0x1ffffc0b        0x1 
 .data.lin_tl_desc
                0x1ffffc0c       0x20 ./KEAZN64/lin_cfg/lin_cfg.o
                0x1ffffc0c                lin_tl_desc
 .data.lin_node_descrs
                0x1ffffc2c       0x84 ./KEAZN64/lin_cfg/lin_cfg.o
                0x1ffffc2c                lin_node_descrs
 *(.jcr*)
                0x1ffffcb0                . = ALIGN (0x4)
                0x1ffffcb0                __data_end__ = .
                0x1ffffcb0                _edata = .
                0x000048a4                __DATA_END = (__DATA_ROM + (__data_end__ - __data_start__))
                0x000000b0                ___data_size = (_edata - _sdata)

.igot.plt       0x1ffffcb0        0x0 load address 0x000048a4
 .igot.plt      0x00000000        0x0 C:/NXP/S32DS_ARM_v2018.R1/S32DS/arm_ewl2/lib/armv6-m/__arm_start.o

.bss            0x1ffffcb0       0xc0 load address 0x000048a4
                0x1ffffcb0                . = ALIGN (0x4)
                0x1ffffcb0                __START_BSS = .
                0x1ffffcb0                __bss_start__ = .
 *(.bss)
 *(.bss*)
 .bss.argv      0x1ffffcb0        0x4 C:/NXP/S32DS_ARM_v2018.R1/S32DS/arm_ewl2/lib/armv6-m/__arm_start.o
 .bss.LIN_counter
                0x1ffffcb4        0x1 ./src/main.o
                0x1ffffcb4                LIN_counter
 .bss.LED_counter
                0x1ffffcb5        0x1 ./src/main.o
                0x1ffffcb5                LED_counter
 *fill*         0x1ffffcb6        0x2 
 .bss.UART_Callback
                0x1ffffcb8        0xc ./KEAZN64/sources/uart.o
                0x1ffffcb8                UART_Callback
 .bss.SPI_Callback
                0x1ffffcc4        0x8 ./KEAZN64/sources/spi.o
                0x1ffffcc4                SPI_Callback
 .bss.RTC_Callback
                0x1ffffccc        0x4 ./KEAZN64/sources/rtc.o
                0x1ffffccc                RTC_Callback
 .bss.PIT_Callback
                0x1ffffcd0        0x8 ./KEAZN64/sources/pit.o
                0x1ffffcd0                PIT_Callback
 .bss.KBI_Callback
                0x1ffffcd8        0x8 ./KEAZN64/sources/kbi.o
                0x1ffffcd8                KBI_Callback
 .bss.I2C_Callback
                0x1ffffce0        0x4 ./KEAZN64/sources/i2c.o
 .bss.FTM_Callback
                0x1ffffce4        0xc ./KEAZN64/sources/ftm.o
                0x1ffffce4                FTM_Callback
 .bss.ADC_Callback
                0x1ffffcf0        0x4 ./KEAZN64/sources/adc.o
                0x1ffffcf0                ADC_Callback
 .bss.ACMP_Callback
                0x1ffffcf4        0x8 ./KEAZN64/sources/acmp.o
                0x1ffffcf4                ACMP_Callback
 .bss.lin_save_configuration_flg
                0x1ffffcfc        0x1 ./KEAZN64/lin_cfg/lin_cfg.o
                0x1ffffcfc                lin_save_configuration_flg
 *fill*         0x1ffffcfd        0x3 
 .bss.lin_flag_handle_tbl
                0x1ffffd00        0x3 ./KEAZN64/lin_cfg/lin_cfg.o
                0x1ffffd00                lin_flag_handle_tbl
 *fill*         0x1ffffd03        0x1 
 .bss.lin_frame_flag_tbl
                0x1ffffd04        0x5 ./KEAZN64/lin_cfg/lin_cfg.o
                0x1ffffd04                lin_frame_flag_tbl
 *fill*         0x1ffffd09        0x3 
 .bss.lin_schedule_start_entry
                0x1ffffd0c        0x5 ./KEAZN64/lin_cfg/lin_cfg.o
                0x1ffffd0c                lin_schedule_start_entry
 *fill*         0x1ffffd11        0x3 
 .bss.lin_active_schedule_id
                0x1ffffd14        0x1 ./KEAZN64/lin_cfg/lin_cfg.o
                0x1ffffd14                lin_active_schedule_id
 *fill*         0x1ffffd15        0x3 
 .bss.lin_previous_schedule_id
                0x1ffffd18        0x1 ./KEAZN64/lin_cfg/lin_cfg.o
                0x1ffffd18                lin_previous_schedule_id
 *fill*         0x1ffffd19        0x3 
 .bss.lin_diag_frame_to_send
                0x1ffffd1c        0x1 ./KEAZN64/lin_cfg/lin_cfg.o
                0x1ffffd1c                lin_diag_frame_to_send
 *fill*         0x1ffffd1d        0x3 
 .bss.tx_single_pdu_data
                0x1ffffd20        0x8 ./KEAZN64/lin_cfg/lin_cfg.o
                0x1ffffd20                tx_single_pdu_data
 .bss.rx_single_pdu_data
                0x1ffffd28        0x8 ./KEAZN64/lin_cfg/lin_cfg.o
                0x1ffffd28                rx_single_pdu_data
 .bss.__stdio_exit
                0x1ffffd30        0x4 C:/NXP/S32DS_ARM_v2018.R1/S32DS/arm_ewl2/lib/armv6-m\libc99.a(exit.o)
                0x1ffffd30                __stdio_exit
 .bss.__console_exit
                0x1ffffd34        0x4 C:/NXP/S32DS_ARM_v2018.R1/S32DS/arm_ewl2/lib/armv6-m\libc99.a(exit.o)
                0x1ffffd34                __console_exit
 .bss.__global_destructor_chain
                0x1ffffd38        0x4 C:/NXP/S32DS_ARM_v2018.R1/S32DS/arm_ewl2/lib/armv6-m\librt.a(__arm_eabi_init.o)
                0x1ffffd38                __global_destructor_chain
 *(COMMON)
 COMMON         0x1ffffd3c       0x32 ./KEAZN64/lin_cfg/lin_cfg.o
                0x1ffffd3c                lin_next_transmit
                0x1ffffd40                lin_successful_transfer
                0x1ffffd44                lin_diag_signal_tbl
                0x1ffffd54                lin_goto_sleep_flg
                0x1ffffd58                lin_word_status
                0x1ffffd5c                lin_current_pid
                0x1ffffd60                lin_error_in_response
                0x1ffffd64                lin_lld_response_buffer
 COMMON         0x1ffffd6e        0x1 ./KEAZN64/LIN_Driver/coreapi/lin_common_proto.o
                0x1ffffd6e                frame_signal_error
                0x1ffffd70                . = ALIGN (0x4)
 *fill*         0x1ffffd6f        0x1 
                0x1ffffd70                __bss_end__ = .
                0x1ffffd70                __END_BSS = .
                0x000048a4                _romp_at = (__DATA_ROM + SIZEOF (.data))

.romp           0x1ffffd70       0x18 load address 0x000048a4
                0x000048a4                __S_romp = _romp_at
                0x1ffffd70        0x4 LONG 0x47f4 __DATA_ROM
                0x1ffffd74        0x4 LONG 0x1ffffc00 _sdata
                0x1ffffd78        0x4 LONG 0xb0 ___data_size
                0x1ffffd7c        0x4 LONG 0x0
                0x1ffffd80        0x4 LONG 0x0
                0x1ffffd84        0x4 LONG 0x0

.heap           0x1ffffd88      0x500 load address 0x000048bc
                0x1ffffd88                . = ALIGN (0x8)
                0x1ffffd88                __end__ = .
                0x1ffffd88                _end = .
                0x1ffffd88                PROVIDE (end, .)
                0x1ffffd88                __HeapBase = .
                0x20000288                . = (. + HEAP_SIZE)
 *fill*         0x1ffffd88      0x500 
                0x20000288                __HeapLimit = .

.stack          0x20000288      0x400 load address 0x00004dbc
                0x20000288                . = ALIGN (0x8)
                0x20000688                . = (. + STACK_SIZE)
 *fill*         0x20000288      0x400 
                0x20000688                __StackTop = .
                0x20000288                __StackLimit = (__StackTop - STACK_SIZE)
                0x20000688                PROVIDE (__stack, __StackTop)

.ARM.attributes
                0x00000000       0x2f
 *(.ARM.attributes)
 .ARM.attributes
                0x00000000       0x31 C:/NXP/S32DS_ARM_v2018.R1/S32DS/arm_ewl2/lib/armv6-m/__arm_start.o
 .ARM.attributes
                0x00000031       0x32 ./src/main.o
 .ARM.attributes
                0x00000063       0x32 ./Project_Settings/Startup_Code/system_SKEAZN642.o
 .ARM.attributes
                0x00000095       0x1b ./Project_Settings/Startup_Code/startup_SKEAZN642.o
 .ARM.attributes
                0x000000b0       0x32 ./KEAZN64/sources/uart.o
 .ARM.attributes
                0x000000e2       0x32 ./KEAZN64/sources/spi.o
 .ARM.attributes
                0x00000114       0x32 ./KEAZN64/sources/rtc.o
 .ARM.attributes
                0x00000146       0x32 ./KEAZN64/sources/pit.o
 .ARM.attributes
                0x00000178       0x32 ./KEAZN64/sources/kbi.o
 .ARM.attributes
                0x000001aa       0x32 ./KEAZN64/sources/i2c.o
 .ARM.attributes
                0x000001dc       0x32 ./KEAZN64/sources/ftm.o
 .ARM.attributes
                0x0000020e       0x32 ./KEAZN64/sources/adc.o
 .ARM.attributes
                0x00000240       0x32 ./KEAZN64/sources/acmp.o
 .ARM.attributes
                0x00000272       0x32 ./KEAZN64/lin_cfg/lin_cfg.o
 .ARM.attributes
                0x000002a4       0x32 ./KEAZN64/LIN_Driver/transport/lin_commontl_proto.o
 .ARM.attributes
                0x000002d6       0x32 ./KEAZN64/LIN_Driver/lowlevel/lin.o
 .ARM.attributes
                0x00000308       0x32 ./KEAZN64/LIN_Driver/diagnostic/lin_diagnostic_service.o
 .ARM.attributes
                0x0000033a       0x32 ./KEAZN64/LIN_Driver/coreapi/lin_lin21_proto.o
 .ARM.attributes
                0x0000036c       0x32 ./KEAZN64/LIN_Driver/coreapi/lin_common_proto.o
 .ARM.attributes
                0x0000039e       0x32 ./KEAZN64/LIN_Driver/coreapi/lin_common_api.o
 .ARM.attributes
                0x000003d0       0x32 ./KEAZN64/LIN_Driver/bsp/UART/lin_lld_uart.o
 .ARM.attributes
                0x00000402       0x32 ./KEAZN64/LIN_Driver/bsp/UART/lin_lld_timesrv.o
 .ARM.attributes
                0x00000434       0x32 ./KEAZN64/LIN_Driver/bsp/UART/lin_isr.o
 .ARM.attributes
                0x00000466       0x31 C:/NXP/S32DS_ARM_v2018.R1/S32DS/arm_ewl2/lib/armv6-m\libc99.a(exit.o)
 .ARM.attributes
                0x00000497       0x31 C:/NXP/S32DS_ARM_v2018.R1/S32DS/arm_ewl2/lib/armv6-m\libc99.a(memset.o)
 .ARM.attributes
                0x000004c8       0x31 C:/NXP/S32DS_ARM_v2018.R1/S32DS/arm_ewl2/lib/armv6-m\libc99.a(__filll_mem.o)
 .ARM.attributes
                0x000004f9       0x1e c:/nxp/s32ds_arm_v2018.r1/cross_tools/gcc-arm-none-eabi-4_9/bin/../lib/gcc/arm-none-eabi/4.9.3/armv6-m\libgcc.a(_udivsi3.o)
 .ARM.attributes
                0x00000517       0x1e c:/nxp/s32ds_arm_v2018.r1/cross_tools/gcc-arm-none-eabi-4_9/bin/../lib/gcc/arm-none-eabi/4.9.3/armv6-m\libgcc.a(_dvmd_tls.o)
 .ARM.attributes
                0x00000535       0x2c c:/nxp/s32ds_arm_v2018.r1/cross_tools/gcc-arm-none-eabi-4_9/bin/../lib/gcc/arm-none-eabi/4.9.3/armv6-m\libgcc.a(_fixunsdfsi.o)
 .ARM.attributes
                0x00000561       0x2c c:/nxp/s32ds_arm_v2018.r1/cross_tools/gcc-arm-none-eabi-4_9/bin/../lib/gcc/arm-none-eabi/4.9.3/armv6-m\libgcc.a(adddf3.o)
 .ARM.attributes
                0x0000058d       0x2c c:/nxp/s32ds_arm_v2018.r1/cross_tools/gcc-arm-none-eabi-4_9/bin/../lib/gcc/arm-none-eabi/4.9.3/armv6-m\libgcc.a(subdf3.o)
 .ARM.attributes
                0x000005b9       0x2c c:/nxp/s32ds_arm_v2018.r1/cross_tools/gcc-arm-none-eabi-4_9/bin/../lib/gcc/arm-none-eabi/4.9.3/armv6-m\libgcc.a(fixdfsi.o)
 .ARM.attributes
                0x000005e5       0x2c c:/nxp/s32ds_arm_v2018.r1/cross_tools/gcc-arm-none-eabi-4_9/bin/../lib/gcc/arm-none-eabi/4.9.3/armv6-m\libgcc.a(floatunsidf.o)
 .ARM.attributes
                0x00000611       0x1e c:/nxp/s32ds_arm_v2018.r1/cross_tools/gcc-arm-none-eabi-4_9/bin/../lib/gcc/arm-none-eabi/4.9.3/armv6-m\libgcc.a(_arm_cmpdf2.o)
 .ARM.attributes
                0x0000062f       0x1e c:/nxp/s32ds_arm_v2018.r1/cross_tools/gcc-arm-none-eabi-4_9/bin/../lib/gcc/arm-none-eabi/4.9.3/armv6-m\libgcc.a(_clzsi2.o)
 .ARM.attributes
                0x0000064d       0x2c c:/nxp/s32ds_arm_v2018.r1/cross_tools/gcc-arm-none-eabi-4_9/bin/../lib/gcc/arm-none-eabi/4.9.3/armv6-m\libgcc.a(eqdf2.o)
 .ARM.attributes
                0x00000679       0x2c c:/nxp/s32ds_arm_v2018.r1/cross_tools/gcc-arm-none-eabi-4_9/bin/../lib/gcc/arm-none-eabi/4.9.3/armv6-m\libgcc.a(gedf2.o)
 .ARM.attributes
                0x000006a5       0x2c c:/nxp/s32ds_arm_v2018.r1/cross_tools/gcc-arm-none-eabi-4_9/bin/../lib/gcc/arm-none-eabi/4.9.3/armv6-m\libgcc.a(ledf2.o)
 .ARM.attributes
                0x000006d1       0x31 C:/NXP/S32DS_ARM_v2018.R1/S32DS/arm_ewl2/lib/armv6-m\librt.a(gcc_ctor_dtor.o)
 .ARM.attributes
                0x00000702       0x31 C:/NXP/S32DS_ARM_v2018.R1/S32DS/arm_ewl2/lib/armv6-m\librt.a(__arm_eabi_init.o)
 .ARM.attributes
                0x00000733       0x31 C:/NXP/S32DS_ARM_v2018.R1/S32DS/arm_ewl2/lib/armv6-m\librt.a(ROMCopy.o)
OUTPUT(KEAZN64_LIN.elf elf32-littlearm)

.debug_info     0x00000000     0xcf50
 .debug_info    0x00000000      0x144 C:/NXP/S32DS_ARM_v2018.R1/S32DS/arm_ewl2/lib/armv6-m/__arm_start.o
 .debug_info    0x00000144      0x7b6 ./src/main.o
 .debug_info    0x000008fa      0x2fd ./Project_Settings/Startup_Code/system_SKEAZN642.o
 .debug_info    0x00000bf7       0x7e ./Project_Settings/Startup_Code/startup_SKEAZN642.o
 .debug_info    0x00000c75      0xad0 ./KEAZN64/sources/uart.o
 .debug_info    0x00001745      0x895 ./KEAZN64/sources/spi.o
 .debug_info    0x00001fda      0x449 ./KEAZN64/sources/rtc.o
 .debug_info    0x00002423      0x58a ./KEAZN64/sources/pit.o
 .debug_info    0x000029ad      0x516 ./KEAZN64/sources/kbi.o
 .debug_info    0x00002ec3      0xa30 ./KEAZN64/sources/i2c.o
 .debug_info    0x000038f3      0xb58 ./KEAZN64/sources/ftm.o
 .debug_info    0x0000444b      0x7b3 ./KEAZN64/sources/adc.o
 .debug_info    0x00004bfe      0x549 ./KEAZN64/sources/acmp.o
 .debug_info    0x00005147     0x137d ./KEAZN64/lin_cfg/lin_cfg.o
 .debug_info    0x000064c4      0xbfb ./KEAZN64/LIN_Driver/transport/lin_commontl_proto.o
 .debug_info    0x000070bf      0xba9 ./KEAZN64/LIN_Driver/lowlevel/lin.o
 .debug_info    0x00007c68      0x91b ./KEAZN64/LIN_Driver/diagnostic/lin_diagnostic_service.o
 .debug_info    0x00008583      0xac0 ./KEAZN64/LIN_Driver/coreapi/lin_lin21_proto.o
 .debug_info    0x00009043      0xeea ./KEAZN64/LIN_Driver/coreapi/lin_common_proto.o
 .debug_info    0x00009f2d      0xa4f ./KEAZN64/LIN_Driver/coreapi/lin_common_api.o
 .debug_info    0x0000a97c     0x14a8 ./KEAZN64/LIN_Driver/bsp/UART/lin_lld_uart.o
 .debug_info    0x0000be24      0x570 ./KEAZN64/LIN_Driver/bsp/UART/lin_lld_timesrv.o
 .debug_info    0x0000c394      0x279 ./KEAZN64/LIN_Driver/bsp/UART/lin_isr.o
 .debug_info    0x0000c60d      0x112 C:/NXP/S32DS_ARM_v2018.R1/S32DS/arm_ewl2/lib/armv6-m\libc99.a(exit.o)
 .debug_info    0x0000c71f       0xec C:/NXP/S32DS_ARM_v2018.R1/S32DS/arm_ewl2/lib/armv6-m\libc99.a(memset.o)
 .debug_info    0x0000c80b      0x137 C:/NXP/S32DS_ARM_v2018.R1/S32DS/arm_ewl2/lib/armv6-m\libc99.a(__filll_mem.o)
 .debug_info    0x0000c942      0x14a C:/NXP/S32DS_ARM_v2018.R1/S32DS/arm_ewl2/lib/armv6-m\librt.a(gcc_ctor_dtor.o)
 .debug_info    0x0000ca8c      0x2b5 C:/NXP/S32DS_ARM_v2018.R1/S32DS/arm_ewl2/lib/armv6-m\librt.a(__arm_eabi_init.o)
 .debug_info    0x0000cd41      0x20f C:/NXP/S32DS_ARM_v2018.R1/S32DS/arm_ewl2/lib/armv6-m\librt.a(ROMCopy.o)

.debug_abbrev   0x00000000     0x293f
 .debug_abbrev  0x00000000       0xc0 C:/NXP/S32DS_ARM_v2018.R1/S32DS/arm_ewl2/lib/armv6-m/__arm_start.o
 .debug_abbrev  0x000000c0      0x183 ./src/main.o
 .debug_abbrev  0x00000243      0x102 ./Project_Settings/Startup_Code/system_SKEAZN642.o
 .debug_abbrev  0x00000345       0x14 ./Project_Settings/Startup_Code/startup_SKEAZN642.o
 .debug_abbrev  0x00000359      0x287 ./KEAZN64/sources/uart.o
 .debug_abbrev  0x000005e0      0x206 ./KEAZN64/sources/spi.o
 .debug_abbrev  0x000007e6      0x1ac ./KEAZN64/sources/rtc.o
 .debug_abbrev  0x00000992      0x1c6 ./KEAZN64/sources/pit.o
 .debug_abbrev  0x00000b58      0x1aa ./KEAZN64/sources/kbi.o
 .debug_abbrev  0x00000d02      0x21c ./KEAZN64/sources/i2c.o
 .debug_abbrev  0x00000f1e      0x1b4 ./KEAZN64/sources/ftm.o
 .debug_abbrev  0x000010d2      0x202 ./KEAZN64/sources/adc.o
 .debug_abbrev  0x000012d4      0x184 ./KEAZN64/sources/acmp.o
 .debug_abbrev  0x00001458      0x1f0 ./KEAZN64/lin_cfg/lin_cfg.o
 .debug_abbrev  0x00001648      0x177 ./KEAZN64/LIN_Driver/transport/lin_commontl_proto.o
 .debug_abbrev  0x000017bf      0x207 ./KEAZN64/LIN_Driver/lowlevel/lin.o
 .debug_abbrev  0x000019c6      0x18c ./KEAZN64/LIN_Driver/diagnostic/lin_diagnostic_service.o
 .debug_abbrev  0x00001b52      0x16e ./KEAZN64/LIN_Driver/coreapi/lin_lin21_proto.o
 .debug_abbrev  0x00001cc0      0x1c7 ./KEAZN64/LIN_Driver/coreapi/lin_common_proto.o
 .debug_abbrev  0x00001e87      0x1b1 ./KEAZN64/LIN_Driver/coreapi/lin_common_api.o
 .debug_abbrev  0x00002038      0x20d ./KEAZN64/LIN_Driver/bsp/UART/lin_lld_uart.o
 .debug_abbrev  0x00002245      0x159 ./KEAZN64/LIN_Driver/bsp/UART/lin_lld_timesrv.o
 .debug_abbrev  0x0000239e       0xb7 ./KEAZN64/LIN_Driver/bsp/UART/lin_isr.o
 .debug_abbrev  0x00002455       0x7a C:/NXP/S32DS_ARM_v2018.R1/S32DS/arm_ewl2/lib/armv6-m\libc99.a(exit.o)
 .debug_abbrev  0x000024cf       0x62 C:/NXP/S32DS_ARM_v2018.R1/S32DS/arm_ewl2/lib/armv6-m\libc99.a(memset.o)
 .debug_abbrev  0x00002531       0x78 C:/NXP/S32DS_ARM_v2018.R1/S32DS/arm_ewl2/lib/armv6-m\libc99.a(__filll_mem.o)
 .debug_abbrev  0x000025a9       0xae C:/NXP/S32DS_ARM_v2018.R1/S32DS/arm_ewl2/lib/armv6-m\librt.a(gcc_ctor_dtor.o)
 .debug_abbrev  0x00002657      0x1ba C:/NXP/S32DS_ARM_v2018.R1/S32DS/arm_ewl2/lib/armv6-m\librt.a(__arm_eabi_init.o)
 .debug_abbrev  0x00002811      0x12e C:/NXP/S32DS_ARM_v2018.R1/S32DS/arm_ewl2/lib/armv6-m\librt.a(ROMCopy.o)

.debug_aranges  0x00000000      0xad0
 .debug_aranges
                0x00000000       0x28 C:/NXP/S32DS_ARM_v2018.R1/S32DS/arm_ewl2/lib/armv6-m/__arm_start.o
 .debug_aranges
                0x00000028       0x40 ./src/main.o
 .debug_aranges
                0x00000068       0x28 ./Project_Settings/Startup_Code/system_SKEAZN642.o
 .debug_aranges
                0x00000090       0x20 ./Project_Settings/Startup_Code/startup_SKEAZN642.o
 .debug_aranges
                0x000000b0       0xc0 ./KEAZN64/sources/uart.o
 .debug_aranges
                0x00000170       0xe0 ./KEAZN64/sources/spi.o
 .debug_aranges
                0x00000250       0x60 ./KEAZN64/sources/rtc.o
 .debug_aranges
                0x000002b0       0xa0 ./KEAZN64/sources/pit.o
 .debug_aranges
                0x00000350       0x40 ./KEAZN64/sources/kbi.o
 .debug_aranges
                0x00000390       0xf0 ./KEAZN64/sources/i2c.o
 .debug_aranges
                0x00000480       0xd8 ./KEAZN64/sources/ftm.o
 .debug_aranges
                0x00000558       0xc8 ./KEAZN64/sources/adc.o
 .debug_aranges
                0x00000620       0x48 ./KEAZN64/sources/acmp.o
 .debug_aranges
                0x00000668       0x20 ./KEAZN64/lin_cfg/lin_cfg.o
 .debug_aranges
                0x00000688       0x60 ./KEAZN64/LIN_Driver/transport/lin_commontl_proto.o
 .debug_aranges
                0x000006e8       0x80 ./KEAZN64/LIN_Driver/lowlevel/lin.o
 .debug_aranges
                0x00000768       0x28 ./KEAZN64/LIN_Driver/diagnostic/lin_diagnostic_service.o
 .debug_aranges
                0x00000790       0x40 ./KEAZN64/LIN_Driver/coreapi/lin_lin21_proto.o
 .debug_aranges
                0x000007d0       0x88 ./KEAZN64/LIN_Driver/coreapi/lin_common_proto.o
 .debug_aranges
                0x00000858       0x78 ./KEAZN64/LIN_Driver/coreapi/lin_common_api.o
 .debug_aranges
                0x000008d0       0x80 ./KEAZN64/LIN_Driver/bsp/UART/lin_lld_uart.o
 .debug_aranges
                0x00000950       0x38 ./KEAZN64/LIN_Driver/bsp/UART/lin_lld_timesrv.o
 .debug_aranges
                0x00000988       0x28 ./KEAZN64/LIN_Driver/bsp/UART/lin_isr.o
 .debug_aranges
                0x000009b0       0x28 C:/NXP/S32DS_ARM_v2018.R1/S32DS/arm_ewl2/lib/armv6-m\libc99.a(exit.o)
 .debug_aranges
                0x000009d8       0x20 C:/NXP/S32DS_ARM_v2018.R1/S32DS/arm_ewl2/lib/armv6-m\libc99.a(memset.o)
 .debug_aranges
                0x000009f8       0x20 C:/NXP/S32DS_ARM_v2018.R1/S32DS/arm_ewl2/lib/armv6-m\libc99.a(__filll_mem.o)
 .debug_aranges
                0x00000a18       0x30 C:/NXP/S32DS_ARM_v2018.R1/S32DS/arm_ewl2/lib/armv6-m\librt.a(gcc_ctor_dtor.o)
 .debug_aranges
                0x00000a48       0x58 C:/NXP/S32DS_ARM_v2018.R1/S32DS/arm_ewl2/lib/armv6-m\librt.a(__arm_eabi_init.o)
 .debug_aranges
                0x00000aa0       0x30 C:/NXP/S32DS_ARM_v2018.R1/S32DS/arm_ewl2/lib/armv6-m\librt.a(ROMCopy.o)

.debug_line     0x00000000     0x6479
 .debug_line    0x00000000       0x68 C:/NXP/S32DS_ARM_v2018.R1/S32DS/arm_ewl2/lib/armv6-m/__arm_start.o
 .debug_line    0x00000068      0x481 ./src/main.o
 .debug_line    0x000004e9      0x238 ./Project_Settings/Startup_Code/system_SKEAZN642.o
 .debug_line    0x00000721       0x86 ./Project_Settings/Startup_Code/startup_SKEAZN642.o
 .debug_line    0x000007a7      0x4ea ./KEAZN64/sources/uart.o
 .debug_line    0x00000c91      0x4fb ./KEAZN64/sources/spi.o
 .debug_line    0x0000118c      0x371 ./KEAZN64/sources/rtc.o
 .debug_line    0x000014fd      0x402 ./KEAZN64/sources/pit.o
 .debug_line    0x000018ff      0x334 ./KEAZN64/sources/kbi.o
 .debug_line    0x00001c33      0x56e ./KEAZN64/sources/i2c.o
 .debug_line    0x000021a1      0x570 ./KEAZN64/sources/ftm.o
 .debug_line    0x00002711      0x470 ./KEAZN64/sources/adc.o
 .debug_line    0x00002b81      0x34a ./KEAZN64/sources/acmp.o
 .debug_line    0x00002ecb      0x33d ./KEAZN64/lin_cfg/lin_cfg.o
 .debug_line    0x00003208      0x5cc ./KEAZN64/LIN_Driver/transport/lin_commontl_proto.o
 .debug_line    0x000037d4      0x4a5 ./KEAZN64/LIN_Driver/lowlevel/lin.o
 .debug_line    0x00003c79      0x4bb ./KEAZN64/LIN_Driver/diagnostic/lin_diagnostic_service.o
 .debug_line    0x00004134      0x4c5 ./KEAZN64/LIN_Driver/coreapi/lin_lin21_proto.o
 .debug_line    0x000045f9      0x726 ./KEAZN64/LIN_Driver/coreapi/lin_common_proto.o
 .debug_line    0x00004d1f      0x4fa ./KEAZN64/LIN_Driver/coreapi/lin_common_api.o
 .debug_line    0x00005219      0x628 ./KEAZN64/LIN_Driver/bsp/UART/lin_lld_uart.o
 .debug_line    0x00005841      0x4a5 ./KEAZN64/LIN_Driver/bsp/UART/lin_lld_timesrv.o
 .debug_line    0x00005ce6      0x387 ./KEAZN64/LIN_Driver/bsp/UART/lin_isr.o
 .debug_line    0x0000606d       0x9e C:/NXP/S32DS_ARM_v2018.R1/S32DS/arm_ewl2/lib/armv6-m\libc99.a(exit.o)
 .debug_line    0x0000610b       0x90 C:/NXP/S32DS_ARM_v2018.R1/S32DS/arm_ewl2/lib/armv6-m\libc99.a(memset.o)
 .debug_line    0x0000619b       0xaf C:/NXP/S32DS_ARM_v2018.R1/S32DS/arm_ewl2/lib/armv6-m\libc99.a(__filll_mem.o)
 .debug_line    0x0000624a       0x74 C:/NXP/S32DS_ARM_v2018.R1/S32DS/arm_ewl2/lib/armv6-m\librt.a(gcc_ctor_dtor.o)
 .debug_line    0x000062be      0x10f C:/NXP/S32DS_ARM_v2018.R1/S32DS/arm_ewl2/lib/armv6-m\librt.a(__arm_eabi_init.o)
 .debug_line    0x000063cd       0xac C:/NXP/S32DS_ARM_v2018.R1/S32DS/arm_ewl2/lib/armv6-m\librt.a(ROMCopy.o)

.debug_str      0x00000000    0x2ce16
 .debug_str     0x00000000      0x1e7 C:/NXP/S32DS_ARM_v2018.R1/S32DS/arm_ewl2/lib/armv6-m/__arm_start.o
                                0x270 (size before relaxing)
 .debug_str     0x000001e7    0x2797e ./src/main.o
                              0x27d51 (size before relaxing)
 .debug_str     0x00027b65       0xd1 ./Project_Settings/Startup_Code/system_SKEAZN642.o
                              0x24d39 (size before relaxing)
 .debug_str     0x00027c36      0x8bf ./KEAZN64/sources/uart.o
                              0x2553b (size before relaxing)
 .debug_str     0x000284f5      0x4b2 ./KEAZN64/sources/spi.o
                              0x25308 (size before relaxing)
 .debug_str     0x000289a7      0x2f4 ./KEAZN64/sources/rtc.o
                              0x25135 (size before relaxing)
 .debug_str     0x00028c9b      0x251 ./KEAZN64/sources/pit.o
                              0x250c3 (size before relaxing)
 .debug_str     0x00028eec      0x174 ./KEAZN64/sources/kbi.o
                              0x24fe1 (size before relaxing)
 .debug_str     0x00029060      0x558 ./KEAZN64/sources/i2c.o
                              0x253cd (size before relaxing)
 .debug_str     0x000295b8      0xadc ./KEAZN64/sources/ftm.o
                              0x259ec (size before relaxing)
 .debug_str     0x0002a094      0x7a7 ./KEAZN64/sources/adc.o
                              0x255fc (size before relaxing)
 .debug_str     0x0002a83b      0x402 ./KEAZN64/sources/acmp.o
                              0x25251 (size before relaxing)
 .debug_str     0x0002ac3d      0xc36 ./KEAZN64/lin_cfg/lin_cfg.o
                              0x27f8e (size before relaxing)
 .debug_str     0x0002b873      0x33f ./KEAZN64/LIN_Driver/transport/lin_commontl_proto.o
                              0x27d5d (size before relaxing)
 .debug_str     0x0002bbb2      0x2db ./KEAZN64/LIN_Driver/lowlevel/lin.o
                              0x27d0d (size before relaxing)
 .debug_str     0x0002be8d       0xe8 ./KEAZN64/LIN_Driver/diagnostic/lin_diagnostic_service.o
                              0x27cad (size before relaxing)
 .debug_str     0x0002bf75      0x2bc ./KEAZN64/LIN_Driver/coreapi/lin_lin21_proto.o
                              0x27cf7 (size before relaxing)
 .debug_str     0x0002c231      0x273 ./KEAZN64/LIN_Driver/coreapi/lin_common_proto.o
                              0x28005 (size before relaxing)
 .debug_str     0x0002c4a4      0x13a ./KEAZN64/LIN_Driver/coreapi/lin_common_api.o
                              0x27c0f (size before relaxing)
 .debug_str     0x0002c5de      0x214 ./KEAZN64/LIN_Driver/bsp/UART/lin_lld_uart.o
                              0x2817d (size before relaxing)
 .debug_str     0x0002c7f2      0x101 ./KEAZN64/LIN_Driver/bsp/UART/lin_lld_timesrv.o
                              0x27dbc (size before relaxing)
 .debug_str     0x0002c8f3       0x92 ./KEAZN64/LIN_Driver/bsp/UART/lin_isr.o
                              0x2741c (size before relaxing)
 .debug_str     0x0002c985      0x197 C:/NXP/S32DS_ARM_v2018.R1/S32DS/arm_ewl2/lib/armv6-m\libc99.a(exit.o)
                                0x23c (size before relaxing)
 .debug_str     0x0002cb1c       0x23 C:/NXP/S32DS_ARM_v2018.R1/S32DS/arm_ewl2/lib/armv6-m\libc99.a(memset.o)
                                0x21f (size before relaxing)
 .debug_str     0x0002cb3f       0x2d C:/NXP/S32DS_ARM_v2018.R1/S32DS/arm_ewl2/lib/armv6-m\libc99.a(__filll_mem.o)
                                0x231 (size before relaxing)
 .debug_str     0x0002cb6c      0x113 C:/NXP/S32DS_ARM_v2018.R1/S32DS/arm_ewl2/lib/armv6-m\librt.a(gcc_ctor_dtor.o)
                                0x28e (size before relaxing)
 .debug_str     0x0002cc7f      0x103 C:/NXP/S32DS_ARM_v2018.R1/S32DS/arm_ewl2/lib/armv6-m\librt.a(__arm_eabi_init.o)
                                0x2b5 (size before relaxing)
 .debug_str     0x0002cd82       0x94 C:/NXP/S32DS_ARM_v2018.R1/S32DS/arm_ewl2/lib/armv6-m\librt.a(ROMCopy.o)
                                0x233 (size before relaxing)

.comment        0x00000000       0x70
 .comment       0x00000000       0x70 C:/NXP/S32DS_ARM_v2018.R1/S32DS/arm_ewl2/lib/armv6-m/__arm_start.o
                                 0x71 (size before relaxing)
 .comment       0x00000000       0x71 ./src/main.o
 .comment       0x00000000       0x71 ./Project_Settings/Startup_Code/system_SKEAZN642.o
 .comment       0x00000000       0x71 ./KEAZN64/sources/uart.o
 .comment       0x00000000       0x71 ./KEAZN64/sources/spi.o
 .comment       0x00000000       0x71 ./KEAZN64/sources/rtc.o
 .comment       0x00000000       0x71 ./KEAZN64/sources/pit.o
 .comment       0x00000000       0x71 ./KEAZN64/sources/kbi.o
 .comment       0x00000000       0x71 ./KEAZN64/sources/i2c.o
 .comment       0x00000000       0x71 ./KEAZN64/sources/ftm.o
 .comment       0x00000000       0x71 ./KEAZN64/sources/adc.o
 .comment       0x00000000       0x71 ./KEAZN64/sources/acmp.o
 .comment       0x00000000       0x71 ./KEAZN64/lin_cfg/lin_cfg.o
 .comment       0x00000000       0x71 ./KEAZN64/LIN_Driver/transport/lin_commontl_proto.o
 .comment       0x00000000       0x71 ./KEAZN64/LIN_Driver/lowlevel/lin.o
 .comment       0x00000000       0x71 ./KEAZN64/LIN_Driver/diagnostic/lin_diagnostic_service.o
 .comment       0x00000000       0x71 ./KEAZN64/LIN_Driver/coreapi/lin_lin21_proto.o
 .comment       0x00000000       0x71 ./KEAZN64/LIN_Driver/coreapi/lin_common_proto.o
 .comment       0x00000000       0x71 ./KEAZN64/LIN_Driver/coreapi/lin_common_api.o
 .comment       0x00000000       0x71 ./KEAZN64/LIN_Driver/bsp/UART/lin_lld_uart.o
 .comment       0x00000000       0x71 ./KEAZN64/LIN_Driver/bsp/UART/lin_lld_timesrv.o
 .comment       0x00000000       0x71 ./KEAZN64/LIN_Driver/bsp/UART/lin_isr.o
 .comment       0x00000000       0x71 C:/NXP/S32DS_ARM_v2018.R1/S32DS/arm_ewl2/lib/armv6-m\libc99.a(exit.o)
 .comment       0x00000000       0x71 C:/NXP/S32DS_ARM_v2018.R1/S32DS/arm_ewl2/lib/armv6-m\libc99.a(memset.o)
 .comment       0x00000000       0x71 C:/NXP/S32DS_ARM_v2018.R1/S32DS/arm_ewl2/lib/armv6-m\libc99.a(__filll_mem.o)
 .comment       0x00000000       0x71 C:/NXP/S32DS_ARM_v2018.R1/S32DS/arm_ewl2/lib/armv6-m\librt.a(gcc_ctor_dtor.o)
 .comment       0x00000000       0x71 C:/NXP/S32DS_ARM_v2018.R1/S32DS/arm_ewl2/lib/armv6-m\librt.a(__arm_eabi_init.o)
 .comment       0x00000000       0x71 C:/NXP/S32DS_ARM_v2018.R1/S32DS/arm_ewl2/lib/armv6-m\librt.a(ROMCopy.o)

.debug_frame    0x00000000     0x2278
 .debug_frame   0x00000000       0x30 C:/NXP/S32DS_ARM_v2018.R1/S32DS/arm_ewl2/lib/armv6-m/__arm_start.o
 .debug_frame   0x00000030       0xa0 ./src/main.o
 .debug_frame   0x000000d0       0x4c ./Project_Settings/Startup_Code/system_SKEAZN642.o
 .debug_frame   0x0000011c      0x2a4 ./KEAZN64/sources/uart.o
 .debug_frame   0x000003c0      0x328 ./KEAZN64/sources/spi.o
 .debug_frame   0x000006e8      0x120 ./KEAZN64/sources/rtc.o
 .debug_frame   0x00000808      0x214 ./KEAZN64/sources/pit.o
 .debug_frame   0x00000a1c       0xb0 ./KEAZN64/sources/kbi.o
 .debug_frame   0x00000acc      0x36c ./KEAZN64/sources/i2c.o
 .debug_frame   0x00000e38      0x308 ./KEAZN64/sources/ftm.o
 .debug_frame   0x00001140      0x2cc ./KEAZN64/sources/adc.o
 .debug_frame   0x0000140c       0xc8 ./KEAZN64/sources/acmp.o
 .debug_frame   0x000014d4       0x30 ./KEAZN64/lin_cfg/lin_cfg.o
 .debug_frame   0x00001504      0x134 ./KEAZN64/LIN_Driver/transport/lin_commontl_proto.o
 .debug_frame   0x00001638      0x1ac ./KEAZN64/LIN_Driver/lowlevel/lin.o
 .debug_frame   0x000017e4       0x50 ./KEAZN64/LIN_Driver/diagnostic/lin_diagnostic_service.o
 .debug_frame   0x00001834       0xb0 ./KEAZN64/LIN_Driver/coreapi/lin_lin21_proto.o
 .debug_frame   0x000018e4      0x1d0 ./KEAZN64/LIN_Driver/coreapi/lin_common_proto.o
 .debug_frame   0x00001ab4      0x18c ./KEAZN64/LIN_Driver/coreapi/lin_common_api.o
 .debug_frame   0x00001c40      0x1b0 ./KEAZN64/LIN_Driver/bsp/UART/lin_lld_uart.o
 .debug_frame   0x00001df0       0x8c ./KEAZN64/LIN_Driver/bsp/UART/lin_lld_timesrv.o
 .debug_frame   0x00001e7c       0x4c ./KEAZN64/LIN_Driver/bsp/UART/lin_isr.o
 .debug_frame   0x00001ec8       0x44 C:/NXP/S32DS_ARM_v2018.R1/S32DS/arm_ewl2/lib/armv6-m\libc99.a(exit.o)
 .debug_frame   0x00001f0c       0x28 C:/NXP/S32DS_ARM_v2018.R1/S32DS/arm_ewl2/lib/armv6-m\libc99.a(memset.o)
 .debug_frame   0x00001f34       0x2c C:/NXP/S32DS_ARM_v2018.R1/S32DS/arm_ewl2/lib/armv6-m\libc99.a(__filll_mem.o)
 .debug_frame   0x00001f60       0x20 c:/nxp/s32ds_arm_v2018.r1/cross_tools/gcc-arm-none-eabi-4_9/bin/../lib/gcc/arm-none-eabi/4.9.3/armv6-m\libgcc.a(_udivsi3.o)
 .debug_frame   0x00001f80       0x2c c:/nxp/s32ds_arm_v2018.r1/cross_tools/gcc-arm-none-eabi-4_9/bin/../lib/gcc/arm-none-eabi/4.9.3/armv6-m\libgcc.a(_fixunsdfsi.o)
 .debug_frame   0x00001fac       0x38 c:/nxp/s32ds_arm_v2018.r1/cross_tools/gcc-arm-none-eabi-4_9/bin/../lib/gcc/arm-none-eabi/4.9.3/armv6-m\libgcc.a(adddf3.o)
 .debug_frame   0x00001fe4       0x3c c:/nxp/s32ds_arm_v2018.r1/cross_tools/gcc-arm-none-eabi-4_9/bin/../lib/gcc/arm-none-eabi/4.9.3/armv6-m\libgcc.a(subdf3.o)
 .debug_frame   0x00002020       0x2c c:/nxp/s32ds_arm_v2018.r1/cross_tools/gcc-arm-none-eabi-4_9/bin/../lib/gcc/arm-none-eabi/4.9.3/armv6-m\libgcc.a(fixdfsi.o)
 .debug_frame   0x0000204c       0x28 c:/nxp/s32ds_arm_v2018.r1/cross_tools/gcc-arm-none-eabi-4_9/bin/../lib/gcc/arm-none-eabi/4.9.3/armv6-m\libgcc.a(floatunsidf.o)
 .debug_frame   0x00002074       0x38 c:/nxp/s32ds_arm_v2018.r1/cross_tools/gcc-arm-none-eabi-4_9/bin/../lib/gcc/arm-none-eabi/4.9.3/armv6-m\libgcc.a(eqdf2.o)
 .debug_frame   0x000020ac       0x38 c:/nxp/s32ds_arm_v2018.r1/cross_tools/gcc-arm-none-eabi-4_9/bin/../lib/gcc/arm-none-eabi/4.9.3/armv6-m\libgcc.a(gedf2.o)
 .debug_frame   0x000020e4       0x38 c:/nxp/s32ds_arm_v2018.r1/cross_tools/gcc-arm-none-eabi-4_9/bin/../lib/gcc/arm-none-eabi/4.9.3/armv6-m\libgcc.a(ledf2.o)
 .debug_frame   0x0000211c       0x50 C:/NXP/S32DS_ARM_v2018.R1/S32DS/arm_ewl2/lib/armv6-m\librt.a(gcc_ctor_dtor.o)
 .debug_frame   0x0000216c       0xbc C:/NXP/S32DS_ARM_v2018.R1/S32DS/arm_ewl2/lib/armv6-m\librt.a(__arm_eabi_init.o)
 .debug_frame   0x00002228       0x50 C:/NXP/S32DS_ARM_v2018.R1/S32DS/arm_ewl2/lib/armv6-m\librt.a(ROMCopy.o)

.debug_ranges   0x00000000      0x818
 .debug_ranges  0x00000000       0x30 ./src/main.o
 .debug_ranges  0x00000030       0x18 ./Project_Settings/Startup_Code/system_SKEAZN642.o
 .debug_ranges  0x00000048       0xb0 ./KEAZN64/sources/uart.o
 .debug_ranges  0x000000f8       0xd0 ./KEAZN64/sources/spi.o
 .debug_ranges  0x000001c8       0x50 ./KEAZN64/sources/rtc.o
 .debug_ranges  0x00000218       0x90 ./KEAZN64/sources/pit.o
 .debug_ranges  0x000002a8       0x30 ./KEAZN64/sources/kbi.o
 .debug_ranges  0x000002d8       0xe0 ./KEAZN64/sources/i2c.o
 .debug_ranges  0x000003b8       0xc8 ./KEAZN64/sources/ftm.o
 .debug_ranges  0x00000480       0xb8 ./KEAZN64/sources/adc.o
 .debug_ranges  0x00000538       0x38 ./KEAZN64/sources/acmp.o
 .debug_ranges  0x00000570       0x10 ./KEAZN64/lin_cfg/lin_cfg.o
 .debug_ranges  0x00000580       0x50 ./KEAZN64/LIN_Driver/transport/lin_commontl_proto.o
 .debug_ranges  0x000005d0       0x70 ./KEAZN64/LIN_Driver/lowlevel/lin.o
 .debug_ranges  0x00000640       0x18 ./KEAZN64/LIN_Driver/diagnostic/lin_diagnostic_service.o
 .debug_ranges  0x00000658       0x30 ./KEAZN64/LIN_Driver/coreapi/lin_lin21_proto.o
 .debug_ranges  0x00000688       0x78 ./KEAZN64/LIN_Driver/coreapi/lin_common_proto.o
 .debug_ranges  0x00000700       0x68 ./KEAZN64/LIN_Driver/coreapi/lin_common_api.o
 .debug_ranges  0x00000768       0x70 ./KEAZN64/LIN_Driver/bsp/UART/lin_lld_uart.o
 .debug_ranges  0x000007d8       0x28 ./KEAZN64/LIN_Driver/bsp/UART/lin_lld_timesrv.o
 .debug_ranges  0x00000800       0x18 ./KEAZN64/LIN_Driver/bsp/UART/lin_isr.o

.debug_macro    0x00000000     0x9232
 .debug_macro   0x00000000      0x13f ./src/main.o
 .debug_macro   0x0000013f      0x814 ./src/main.o
 .debug_macro   0x00000953       0x52 ./src/main.o
 .debug_macro   0x000009a5       0xa0 ./src/main.o
 .debug_macro   0x00000a45       0x16 ./src/main.o
 .debug_macro   0x00000a5b       0x2e ./src/main.o
 .debug_macro   0x00000a89       0x64 ./src/main.o
 .debug_macro   0x00000aed      0x185 ./src/main.o
 .debug_macro   0x00000c72      0x140 ./src/main.o
 .debug_macro   0x00000db2       0x9d ./src/main.o
 .debug_macro   0x00000e4f       0x10 ./src/main.o
 .debug_macro   0x00000e5f      0x15b ./src/main.o
 .debug_macro   0x00000fba       0x28 ./src/main.o
 .debug_macro   0x00000fe2       0x58 ./src/main.o
 .debug_macro   0x0000103a       0xb7 ./src/main.o
 .debug_macro   0x000010f1       0x3a ./src/main.o
 .debug_macro   0x0000112b       0x1f ./src/main.o
 .debug_macro   0x0000114a      0x250 ./src/main.o
 .debug_macro   0x0000139a       0x78 ./src/main.o
 .debug_macro   0x00001412     0x586b ./src/main.o
 .debug_macro   0x00006c7d       0x76 ./src/main.o
 .debug_macro   0x00006cf3      0x2cd ./src/main.o
 .debug_macro   0x00006fc0      0x161 ./src/main.o
 .debug_macro   0x00007121      0x150 ./src/main.o
 .debug_macro   0x00007271       0xb4 ./src/main.o
 .debug_macro   0x00007325       0xd3 ./Project_Settings/Startup_Code/system_SKEAZN642.o
 .debug_macro   0x000073f8       0xe1 ./Project_Settings/Startup_Code/system_SKEAZN642.o
 .debug_macro   0x000074d9      0x122 ./KEAZN64/sources/uart.o
 .debug_macro   0x000075fb       0x1c ./KEAZN64/sources/uart.o
 .debug_macro   0x00007617       0x3a ./KEAZN64/sources/uart.o
 .debug_macro   0x00007651       0xfd ./KEAZN64/sources/spi.o
 .debug_macro   0x0000774e       0x40 ./KEAZN64/sources/spi.o
 .debug_macro   0x0000778e       0xfd ./KEAZN64/sources/rtc.o
 .debug_macro   0x0000788b       0x52 ./KEAZN64/sources/rtc.o
 .debug_macro   0x000078dd       0xfd ./KEAZN64/sources/pit.o
 .debug_macro   0x000079da       0x10 ./KEAZN64/sources/pit.o
 .debug_macro   0x000079ea      0x103 ./KEAZN64/sources/kbi.o
 .debug_macro   0x00007aed       0x10 ./KEAZN64/sources/kbi.o
 .debug_macro   0x00007afd       0xfd ./KEAZN64/sources/i2c.o
 .debug_macro   0x00007bfa       0x82 ./KEAZN64/sources/i2c.o
 .debug_macro   0x00007c7c       0xfd ./KEAZN64/sources/ftm.o
 .debug_macro   0x00007d79      0x1c3 ./KEAZN64/sources/ftm.o
 .debug_macro   0x00007f3c       0xfd ./KEAZN64/sources/adc.o
 .debug_macro   0x00008039      0x146 ./KEAZN64/sources/adc.o
 .debug_macro   0x0000817f      0x10d ./KEAZN64/sources/acmp.o
 .debug_macro   0x0000828c       0x76 ./KEAZN64/sources/acmp.o
 .debug_macro   0x00008302      0x11a ./KEAZN64/lin_cfg/lin_cfg.o
 .debug_macro   0x0000841c      0x134 ./KEAZN64/LIN_Driver/transport/lin_commontl_proto.o
 .debug_macro   0x00008550       0x70 ./KEAZN64/LIN_Driver/transport/lin_commontl_proto.o
 .debug_macro   0x000085c0       0x10 ./KEAZN64/LIN_Driver/transport/lin_commontl_proto.o
 .debug_macro   0x000085d0      0x137 ./KEAZN64/LIN_Driver/lowlevel/lin.o
 .debug_macro   0x00008707       0x34 ./KEAZN64/LIN_Driver/lowlevel/lin.o
 .debug_macro   0x0000873b      0x134 ./KEAZN64/LIN_Driver/diagnostic/lin_diagnostic_service.o
 .debug_macro   0x0000886f      0x129 ./KEAZN64/LIN_Driver/coreapi/lin_lin21_proto.o
 .debug_macro   0x00008998       0x16 ./KEAZN64/LIN_Driver/coreapi/lin_lin21_proto.o
 .debug_macro   0x000089ae      0x159 ./KEAZN64/LIN_Driver/coreapi/lin_common_proto.o
 .debug_macro   0x00008b07       0x76 ./KEAZN64/LIN_Driver/coreapi/lin_common_proto.o
 .debug_macro   0x00008b7d       0x10 ./KEAZN64/LIN_Driver/coreapi/lin_common_proto.o
 .debug_macro   0x00008b8d      0x129 ./KEAZN64/LIN_Driver/coreapi/lin_common_api.o
 .debug_macro   0x00008cb6      0x175 ./KEAZN64/LIN_Driver/bsp/UART/lin_lld_uart.o
 .debug_macro   0x00008e2b      0x15b ./KEAZN64/LIN_Driver/bsp/UART/lin_lld_uart.o
 .debug_macro   0x00008f86      0x16f ./KEAZN64/LIN_Driver/bsp/UART/lin_lld_timesrv.o
 .debug_macro   0x000090f5      0x13d ./KEAZN64/LIN_Driver/bsp/UART/lin_isr.o

.debug_loc      0x00000000      0x51e
 .debug_loc     0x00000000       0x71 C:/NXP/S32DS_ARM_v2018.R1/S32DS/arm_ewl2/lib/armv6-m\libc99.a(exit.o)
 .debug_loc     0x00000071       0x6f C:/NXP/S32DS_ARM_v2018.R1/S32DS/arm_ewl2/lib/armv6-m\libc99.a(memset.o)
 .debug_loc     0x000000e0      0x113 C:/NXP/S32DS_ARM_v2018.R1/S32DS/arm_ewl2/lib/armv6-m\libc99.a(__filll_mem.o)
 .debug_loc     0x000001f3       0xb3 C:/NXP/S32DS_ARM_v2018.R1/S32DS/arm_ewl2/lib/armv6-m\librt.a(gcc_ctor_dtor.o)
 .debug_loc     0x000002a6      0x184 C:/NXP/S32DS_ARM_v2018.R1/S32DS/arm_ewl2/lib/armv6-m\librt.a(__arm_eabi_init.o)
 .debug_loc     0x0000042a       0xf4 C:/NXP/S32DS_ARM_v2018.R1/S32DS/arm_ewl2/lib/armv6-m\librt.a(ROMCopy.o)
